// Jest Snapshot v1, https://goo.gl/fbAQLP

exports[`+ should work 1`] = `
"3 + 4;
"
`;

exports[`big block of code from main should match snapshots 1`] = `
"(() => {
  function null$(ls) {
    return 0 === ls.length;
  }
  function car(ls) {
    return Array.prototype.shift.call(ls, Array.prototype.slice.call(ls));
  }
  function cdr(ls) {
    return Array.prototype.slice.call(ls, 1);
  }
  function string$append(a, b, c) {
    return a + (b + c);
  }
  function string$join(strs, joiner) {
    return (() => {
      function helper(strs, acc) {
        return null$(strs)
          ? acc
          : helper(cdr(strs), string$append(acc, joiner, car(strs)));
      }
      return null$(strs) ? \\"\\" : helper(cdr(strs), car(strs));
    })();
  }
  return string$join(Array(\\"apples\\", \\"bananas\\", \\"cucumbers\\"), \\",\\");
})();
"
`;

exports[`big block of code from main should match snapshots 2`] = `"apples,bananas,cucumbers"`;
