// Jest Snapshot v1, https://goo.gl/fbAQLP

exports[`+ should work 1`] = `
"3 + 4;
"
`;

exports[`big block of code from main should match snapshots 1`] = `
"(() => {
  function string$join(strs, joiner) {
    return (() => {
      function helper(strs, acc) {
        return 0 === strs.length
          ? acc
          : helper(strs.slice(1), acc + (joiner + strs[0]));
      }
      return 0 === strs.length ? \\"\\" : helper(strs.slice(1), strs[0]);
    })();
  }
  return string$join(Array(\\"apples\\", \\"bananas\\", \\"cucumbers\\"), \\",\\");
})();
"
`;

exports[`big block of code from main should match snapshots 2`] = `"apples,bananas,cucumbers"`;
